// Jest Snapshot v1, https://goo.gl/fbAQLP

exports[`Pruebas en el gifGrid debe de mostrarse correcatmente 1`] = `
<Fragment>
  <h3
    className="animate__animated animate__bounce animate__fadeIn"
  >
    Drago Ball
  </h3>
  <p
    className="animate__animated animate__bounce animate__flash"
  >
    Loading
  </p>
  <div
    className="card-grid"
  />
</Fragment>
`;
